[{"Type": "cc2.8xlarge","Ram": "60.5 GB","Cpu": "32"},
{"Type": "cg1.4xlarge","Ram": "22.5 GB","Cpu": "16"},
{"Type": "t2.medium","Ram": "4.0 GB","Cpu": "2"},
{"Type": "t2.large","Ram": "8.0 GB","Cpu": "2"},
{"Type": "m4.large","Ram": "8.0 GB","Cpu": "2"},
{"Type": "m4.xlarge","Ram": "16.0 GB","Cpu": "4"},
{"Type": "m4.2xlarge","Ram": "32.0 GB","Cpu": "8"},
{"Type": "m4.4xlarge","Ram": "64.0 GB","Cpu": "16"},
{"Type": "m4.10xlarge","Ram": "160.0 GB","Cpu": "40"},
{"Type": "m4.16xlarge","Ram": "256.0 GB","Cpu": "64"},
{"Type": "c4.large","Ram": "3.75 GB","Cpu": "2"},
{"Type": "c4.xlarge","Ram": "7.5 GB","Cpu": "4"},
{"Type": "c4.2xlarge","Ram": "15.0 GB","Cpu": "8"},
{"Type": "c4.4xlarge","Ram": "30.0 GB","Cpu": "16"},
{"Type": "c4.8xlarge","Ram": "60.0 GB","Cpu": "36"},
{"Type": "p2.xlarge","Ram": "61.0 GB","Cpu": "4"},
{"Type": "p2.8xlarge","Ram": "488.0 GB","Cpu": "32"},
{"Type": "p2.16xlarge","Ram": "732.0 GB","Cpu": "64"},
{"Type": "g2.2xlarge","Ram": "15.0 GB","Cpu": "8"},
{"Type": "g2.8xlarge","Ram": "60.0 GB","Cpu": "32"},
{"Type": "x1.16xlarge","Ram": "976.0 GB","Cpu": "64"},
{"Type": "x1.32xlarge","Ram": "1952.0 GB","Cpu": "128"},
{"Type": "r3.large","Ram": "15.25 GB","Cpu": "2"},
{"Type": "r3.xlarge","Ram": "30.5 GB","Cpu": "4"},
{"Type": "r3.2xlarge","Ram": "61.0 GB","Cpu": "8"},
{"Type": "r3.4xlarge","Ram": "122.0 GB","Cpu": "16"},
{"Type": "r3.8xlarge","Ram": "244.0 GB","Cpu": "32"},
{"Type": "i2.xlarge","Ram": "30.5 GB","Cpu": "4"},
{"Type": "i2.2xlarge","Ram": "61.0 GB","Cpu": "8"},
{"Type": "i2.4xlarge","Ram": "122.0 GB","Cpu": "16"},
{"Type": "i2.8xlarge","Ram": "244.0 GB","Cpu": "32"},
{"Type": "d2.xlarge","Ram": "30.5 GB","Cpu": "4"},
{"Type": "d2.2xlarge","Ram": "61.0 GB","Cpu": "8"},
{"Type": "d2.4xlarge","Ram": "122.0 GB","Cpu": "16"},
{"Type": "d2.8xlarge","Ram": "244.0 GB","Cpu": "36"},
{"Type": "hi1.4xlarge","Ram": "60.5 GB","Cpu": "16"},
{"Type": "hs1.8xlarge","Ram": "117.0 GB","Cpu": "16"},
{"Type": "m3.large","Ram": "7.5 GB","Cpu": "2"},
{"Type": "m3.xlarge","Ram": "15.0 GB","Cpu": "4"},
{"Type": "m3.2xlarge","Ram": "30.0 GB","Cpu": "8"},
{"Type": "c3.large","Ram": "3.75 GB","Cpu": "2"},
{"Type": "c3.xlarge","Ram": "7.5 GB","Cpu": "4"},
{"Type": "c3.2xlarge","Ram": "15.0 GB","Cpu": "8"},
{"Type": "c3.4xlarge","Ram": "30.0 GB","Cpu": "16"},
{"Type": "c3.8xlarge","Ram": "60.0 GB","Cpu": "32"},
{"Type": "m1.large","Ram": "7.5 GB","Cpu": "2"},
{"Type": "m1.xlarge","Ram": "15.0 GB","Cpu": "4"},
{"Type": "c1.xlarge","Ram": "7.0 GB","Cpu": "8"},
{"Type": "m2.xlarge","Ram": "17.1 GB","Cpu": "2"},
{"Type": "m2.2xlarge","Ram": "34.2 GB","Cpu": "4"},
{"Type": "m2.4xlarge","Ram": "68.4 GB","Cpu": "8"}]



